// Jest Snapshot v1, https://goo.gl/fbAQLP

exports[`heatmap loads and renders top posts for subreddit in URL 1`] = `
Array [
  "3",
  "1",
  "1",
  "0",
  "1",
  "1",
  "4",
  "0",
  "0",
  "3",
  "1",
  "1",
  "3",
  "1",
  "3",
  "3",
  "6",
  "6",
  "5",
  "5",
  "6",
  "1",
  "4",
  "2",
  "1",
  "1",
  "3",
  "1",
  "2",
  "4",
  "0",
  "3",
  "0",
  "3",
  "1",
  "3",
  "3",
  "7",
  "3",
  "6",
  "12",
  "3",
  "4",
  "7",
  "3",
  "4",
  "4",
  "1",
  "1",
  "4",
  "1",
  "0",
  "2",
  "0",
  "3",
  "1",
  "4",
  "6",
  "2",
  "3",
  "2",
  "3",
  "7",
  "8",
  "3",
  "8",
  "3",
  "5",
  "5",
  "3",
  "3",
  "1",
  "0",
  "2",
  "1",
  "1",
  "0",
  "3",
  "3",
  "2",
  "2",
  "1",
  "2",
  "1",
  "5",
  "5",
  "10",
  "9",
  "4",
  "4",
  "2",
  "5",
  "3",
  "6",
  "5",
  "4",
  "4",
  "1",
  "0",
  "0",
  "0",
  "0",
  "1",
  "2",
  "1",
  "0",
  "6",
  "1",
  "7",
  "2",
  "7",
  "7",
  "6",
  "8",
  "3",
  "6",
  "2",
  "0",
  "4",
  "4",
  "1",
  "5",
  "0",
  "2",
  "2",
  "0",
  "1",
  "4",
  "1",
  "0",
  "2",
  "1",
  "3",
  "2",
  "4",
  "7",
  "5",
  "5",
  "5",
  "1",
  "2",
  "6",
  "4",
  "1",
  "2",
  "2",
  "1",
  "2",
  "2",
  "1",
  "2",
  "0",
  "2",
  "0",
  "4",
  "2",
  "3",
  "2",
  "5",
  "5",
  "7",
  "4",
  "6",
  "2",
  "3",
  "3",
  "1",
  "5",
]
`;

exports[`posts table shows posts ordered by time according to cell that is clicked 1`] = `
Array [
  Object {
    "author": "mutantdustbunny",
    "authorHref": "https://reddit.com/u/mutantdustbunny",
    "href": "https://reddit.com/r/javascript/comments/fiwfrj/css_dark_mode_tutorial_adding_selectable_themes/",
    "numComments": "30",
    "score": "246",
    "time": "6:19 am",
    "title": "CSS Dark Mode tutorial â€“ adding selectable themes to your site or PWA with alternate style",
  },
  Object {
    "author": "hotpot_ai",
    "authorHref": "https://reddit.com/u/hotpot_ai",
    "href": "https://reddit.com/r/javascript/comments/fmuoc9/a_realworld_comparison_of_frontend_frameworks_2020/",
    "numComments": "94",
    "score": "211",
    "time": "6:24 am",
    "title": "A Real-World Comparison of Front-End Frameworks 2020",
  },
  Object {
    "author": "Quarxnox",
    "authorHref": "https://reddit.com/u/Quarxnox",
    "href": "https://reddit.com/r/javascript/comments/gckiuc/askjs_today_i_learned_of_the_textspeech_apis/",
    "numComments": "25",
    "score": "186",
    "time": "6:25 am",
    "title": "[AskJS] Today I learned of the text/speech apis.",
  },
  Object {
    "author": "unhandledrejection",
    "authorHref": "https://reddit.com/u/unhandledrejection",
    "href": "https://reddit.com/r/javascript/comments/hturg4/i_am_building_a_open_source_mindmap_editor/",
    "numComments": "25",
    "score": "151",
    "time": "6:36 am",
    "title": "I am building a open source mindmap editor",
  },
]
`;
